package bad_test // want "package should be `bad_test` instead of `bad`"
